
FOGIS Safe Installation System - Test Report
==========================================

Test Summary:
- Total tests: 3
- Passed: 0
- Failed: 3
- Success rate: 0.0%

Failed Tests:
- Conflict Detection Functions
- Backup Manager Functions
- Installation Safety Functions

Detailed Results:
- Conflict Detection Functions: FAILED
- Backup Manager Functions: FAILED
- Installation Safety Functions: FAILED
